DB Operation: Open connection
Info:         Beginning transaction
DB Operation: Begin transaction
Info:         Beginning database upgrade
DB Operation: Execute non query command: IF NOT EXISTS (SELECT * FROM sys.schemas WHERE name = N'dbo') Exec('CREATE SCHEMA [dbo]')
DB Operation: Dispose command
Info:         Executing Database Server script 'Script0001.sql'
Info:         Ensuring tables exists and is latest version
DB Operation: Execute non query command: print 'script1'
DB Operation: Dispose command
Info:         Executing Database Server script 'Script0002.sql'
Info:         Ensuring tables exists and is latest version
DB Operation: Execute non query command: print 'script2'
DB Operation: Dispose command
Info:         Running script in ProvideScript method
DB Operation: Execute scalar command: select 1
Info:         Executing Database Server script 'ScriptWithChangeInProvideScriptMethod'
Info:         Ensuring tables exists and is latest version
DB Operation: Execute non query command: 
DB Operation: Dispose command
Info:         Upgrade successful
DB Operation: Commit transaction
DB Operation: Dispose transaction
DB Operation: Dispose connection
